Usage: ./full_example [--fHhiost] [extra args...]
Options:
    -h, --help                Display this help message
        --hello               Say hello!
    -H                        Hello but in caps
    -t, --test                This is a test lol
    -f, --flag                Turns this flag on
    -o, --once                This flag may only be set once
    -i, --my-int-argument     [int] This argument expects an integer value
    -s, --my-string-argument  [string] This argument expects a string value
    --                        All subsequent arguments will not be processed as options
Usage: ./full_example [--fHhiost] [extra args...]
Options:
    -h, --help                Display this help message
        --hello               Say hello!
    -H                        Hello but in caps
    -t, --test                This is a test lol
    -f, --flag                Turns this flag on
    -o, --once                This flag may only be set once
    -i, --my-int-argument     [int] This argument expects an integer value
    -s, --my-string-argument  [string] This argument expects a string value
    --                        All subsequent arguments will not be processed as options
Usage: ./full_example [--fHhiost] [extra args...]
Options:
    -h, --help                Display this help message
        --hello               Say hello!
    -H                        Hello but in caps
    -t, --test                This is a test lol
    -f, --flag                Turns this flag on
    -o, --once                This flag may only be set once
    -i, --my-int-argument     [int] This argument expects an integer value
    -s, --my-string-argument  [string] This argument expects a string value
    --                        All subsequent arguments will not be processed as options
Usage: ./full_example [--fHhiost] [extra args...]
Options:
    -h, --help                Display this help message
        --hello               Say hello!
    -H                        Hello but in caps
    -t, --test                This is a test lol
    -f, --flag                Turns this flag on
    -o, --once                This flag may only be set once
    -i, --my-int-argument     [int] This argument expects an integer value
    -s, --my-string-argument  [string] This argument expects a string value
    --                        All subsequent arguments will not be processed as options
Argument "--flag=test" has an embedded value but doesn't expect any value.
Usage: ./full_example [--fHhiost] [extra args...]
Options:
    -h, --help                Display this help message
        --hello               Say hello!
    -H                        Hello but in caps
    -t, --test                This is a test lol
    -f, --flag                Turns this flag on
    -o, --once                This flag may only be set once
    -i, --my-int-argument     [int] This argument expects an integer value
    -s, --my-string-argument  [string] This argument expects a string value
    --                        All subsequent arguments will not be processed as options
Usage: ./full_example [--fHhiost] [extra args...]
Options:
    -h, --help                Display this help message
        --hello               Say hello!
    -H                        Hello but in caps
    -t, --test                This is a test lol
    -f, --flag                Turns this flag on
    -o, --once                This flag may only be set once
    -i, --my-int-argument     [int] This argument expects an integer value
    -s, --my-string-argument  [string] This argument expects a string value
    --                        All subsequent arguments will not be processed as options
Usage: ./full_example [--fHhiost] [extra args...]
Options:
    -h, --help                Display this help message
        --hello               Say hello!
    -H                        Hello but in caps
    -t, --test                This is a test lol
    -f, --flag                Turns this flag on
    -o, --once                This flag may only be set once
    -i, --my-int-argument     [int] This argument expects an integer value
    -s, --my-string-argument  [string] This argument expects a string value
    --                        All subsequent arguments will not be processed as options
In argument "-if", option -i expects a value and therefore must be the last character.
In argument "-f-", there is no supported option '-'
In argument "-=test", there is no supported option '='
